Obj=false
Body=false
Dict=false
Arr=false
KVList=true
KV=false
Exp=false
EList=true


Obj={INTEGER}
Body={LBRACE,LDICT}
Dict={LDICT}
Arr={LBRACE}
KVList={NAME}
KV={NAME}
Exp={TRUE,FALSE,INTEGER,REAL,STRING,NULL}
EList={TRUE,FALSE,INTEGER,REAL,STRING,NULL}
