Producing Obj
Producing Body
Producing Dict
Syntax error
