Producing Obj
Producing Body
Producing Dict
Producing KVList
Syntax error
