Producing Obj
Producing Body
Producing Dict
Producing KVList
Producing KV
Producing Exp
Finished producing Exp
Finished producing KV
Producing KVList
Producing KV
Producing Exp
Syntax error
