Producing Obj
Producing Body
Producing Dict
Producing KVList
Producing KV
Producing Exp
Finished producing Exp
Finished producing KV
Producing KVList
Producing KV
Producing Exp
Finished producing Exp
Finished producing KV
Producing KVList
Producing KV
Producing Exp
Finished producing Exp
Finished producing KV
Producing KVList
Producing KV
Producing Exp
Finished producing Exp
Finished producing KV
Producing KVList
Finished producing KVList
Finished producing KVList
Finished producing KVList
Finished producing KVList
Finished producing KVList
Finished producing Dict
Finished producing Body
Finished producing Obj
ObjNode {BodyNode [Dictionary Node <<KVListNode <Key : Value(Expr), KVListNode <Key : Value(Expr), KVListNode <Key : Value(Expr), KVListNode <Key : Value(Expr), KVListNode <> End KVListNode> End KVListNode> End KVListNode> End KVListNode> End KVListNode>> End Dictionary] End BodyNode} End ObjNode
